$ wav2mp3 2021010100_00011.wav output.mp3
🔄 开始转换: 2021010100_00011.wav
📁 输出文件: output.mp3
⚙️  设置: 比特率=192k, 质量=0, 声道=2, 采样率=44100
🔄 开始转换: 2021010100_00011.wav
📁 输出文件: output.mp3
✅ FFmpeg 已就绪
🚀 转换命令: ffmpeg -i F:\yanyue404\wav-to-mp3-converter\2021010100_00011.wav -y -acodec libmp3lame -b:a 192k -ac 2 -ar 44100 -aq 0 output.mp3
📊 转换进度: 1.3%
📊 转换进度: 2.5%
📊 转换进度: 3.8%
📊 转换进度: 5.1%
📊 转换进度: 6.4%
📊 转换进度: 7.7%
📊 转换进度: 9.0%
📊 转换进度: 10.3%
📊 转换进度: 11.6%
📊 转换进度: 12.9%
📊 转换进度: 14.2%
📊 转换进度: 15.4%
📊 转换进度: 16.7%
📊 转换进度: 18.0%
📊 转换进度: 19.4%
📊 转换进度: 20.6%
📊 转换进度: 21.9%
📊 转换进度: 23.2%
📊 转换进度: 24.5%
📊 转换进度: 25.7%
📊 转换进度: 26.9%
📊 转换进度: 28.2%
📊 转换进度: 29.5%
📊 转换进度: 30.8%
📊 转换进度: 32.0%
📊 转换进度: 33.2%
📊 转换进度: 34.4%
📊 转换进度: 35.7%
📊 转换进度: 36.9%
📊 转换进度: 38.2%
📊 转换进度: 39.5%
📊 转换进度: 40.8%
📊 转换进度: 42.0%
📊 转换进度: 43.3%
📊 转换进度: 44.6%
📊 转换进度: 45.9%
📊 转换进度: 47.2%
📊 转换进度: 48.5%
📊 转换进度: 49.8%
📊 转换进度: 51.1%
📊 转换进度: 52.4%
📊 转换进度: 53.7%
📊 转换进度: 55.0%
📊 转换进度: 56.3%
📊 转换进度: 57.6%
📊 转换进度: 58.9%
📊 转换进度: 60.2%
📊 转换进度: 61.5%
📊 转换进度: 62.8%
📊 转换进度: 64.1%
📊 转换进度: 65.4%
📊 转换进度: 66.7%
📊 转换进度: 67.9%
📊 转换进度: 69.3%
📊 转换进度: 70.5%
📊 转换进度: 71.9%
📊 转换进度: 73.2%
📊 转换进度: 74.5%
📊 转换进度: 75.8%
📊 转换进度: 77.1%
📊 转换进度: 78.4%
📊 转换进度: 79.6%
📊 转换进度: 81.0%
📊 转换进度: 82.3%
📊 转换进度: 83.5%
📊 转换进度: 84.8%
📊 转换进度: 86.1%
📊 转换进度: 87.4%
📊 转换进度: 88.7%
📊 转换进度: 90.0%
📊 转换进度: 91.3%
📊 转换进度: 92.6%
📊 转换进度: 93.9%
📊 转换进度: 95.1%
📊 转换进度: 96.4%
📊 转换进度: 97.7%
📊 转换进度: 99.0%
📊 转换进度: 100.0%
✅ 转换完成! 耗时: 40.40秒
📁 输出文件: output.mp3

✅ 转换成功: output.mp3